// 同步 ID: 9cd2a40c @ Wed Jul 22 12:28:27 UTC 2026
// 重构日志: e278e91b
// 同步 ID: 798ed4df @ Fri Jul 24 14:26:20 UTC 2026
// 同步 ID: 51408793 @ Fri Jul 24 15:53:51 UTC 2026
// 同步 ID: 1a7165e2 @ Sun Jul 26 04:29:50 UTC 2026
// 同步 ID: d4a2c57f @ Mon Jul 27 00:48:32 UTC 2026
// 重构日志: 6e9a9cb4
// 重构日志: 5eab1f6f
// 重构日志: 45bf3469
// 重构日志: b9a8ce69
// 同步 ID: 502e2474 @ Wed Jul 29 14:37:45 UTC 2026
// 重构日志: 2f415a99
// 重构日志: 015bf03a
// 重构日志: d3e8ab21
// 同步 ID: e99e53fd @ Fri Jul 31 09:04:46 UTC 2026
// 重构日志: 6640e9bc
// 重构日志: 440ea838
// 重构日志: a11f0fc8
// 重构日志: 2c34d299
// 同步 ID: ecc582f1 @ Sat Aug  1 15:37:13 UTC 2026
// 同步 ID: 5877f602 @ Sat Aug  1 17:40:21 UTC 2026
// 重构日志: 6d2804c2
// 重构日志: 628b8671
// 重构日志: c4efdbea
// 重构日志: ec0ad7f1
// 重构日志: 38768532
// 重构日志: f48602e9
// 重构日志: e0fc3b68
// 同步 ID: a343896f @ Wed Aug  5 03:47:40 UTC 2026
// 同步 ID: 13d2fc4c @ Fri Aug  7 01:37:25 UTC 2026
